
> my-project@0.1.0 build
> next build

Ôû▓ Next.js 16.1.6 (Turbopack)
- Environments: .env.local

  Creating an optimized production build ...
Ô£ô Compiled successfully in 4.2s
  Running TypeScript ...
  Collecting page data using 15 workers ...
  Generating static pages using 15 workers (0/12) ...
  Generating static pages using 15 workers (3/12) 
  Generating static pages using 15 workers (6/12) 
  Generating static pages using 15 workers (9/12) 
node.exe : Error occurred 
prerendering page "/". Read more: h
ttps://nextjs.org/docs/messages/pre
render-error
En línea: 1 Carácter: 1
+ & "C:\Program 
Files\nodejs/node.exe" "C:\Program 
Files\nodejs/node_mo ...
+ ~~~~~~~~~~~~~~~~~~~~~~~~~~~~~~~~~
~~~~~~~~~~~~~~~~~~~~~~~~~~~~~~~~~~~
~
    + CategoryInfo          : 
NotSp    ecified: (Error occurred 
...pre    render-error:String) [], 
Remote    Exception
    + FullyQualifiedErrorId : 
Nativ    eCommandError
 
Error: Attempted to call 
useBreakpoints() from the server 
but useBreakpoints is on the 
client. It's not possible to 
invoke a client function from the 
server, it can only be rendered as 
a Component or passed to props of 
a Client Component.
    at <unknown> (C:\Users\aguir\On
eDrive\Escritorio\Proyecto 
completo\Pet Care Studio\.next\serv
er\chunks\ssr\_b6e92aab._.js:1:3084
)
    at s (C:\Users\aguir\OneDrive\E
scritorio\Proyecto completo\Pet 
Care Studio\.next\server\chunks\ssr
\_b6e92aab._.js:1:18247) {
  digest: '1875894819'
}
Export encountered an error on 
/page: /, exiting the build.
Ô¿» Next.js build worker exited 
with code: 1 and signal: null
